// Jest Snapshot v1, https://goo.gl/fbAQLP

exports[`Launcher component rendering renders 1`] = `
<div
  className="Launcher"
>
  <ChatContainer
    hidden={true}
  />
  <ToggleChatButton
    chatOpen={false}
    toggleChat={[Function]}
  />
</div>
`;
