// Jest Snapshot v1, https://goo.gl/fbAQLP

exports[`ProgressCircle component rendering renders 1`] = `
<canvas
  height={60}
  width={60}
/>
`;
