// Jest Snapshot v1, https://goo.gl/fbAQLP

exports[`Spinner component rendering renders 1`] = `
<div
  className="Spinner"
>
  <div
    className="loading"
    style={
      Object {
        "borderColor": "#333",
      }
    }
  />
</div>
`;
