// Jest Snapshot v1, https://goo.gl/fbAQLP

exports[`Transcript component rendering renders with default props 1`] = `
<div
  className="Transcript"
  style={
    Object {
      "backgroundColor": "#f4f4f8",
      "paddingBottom": "10px",
    }
  }
>
  <Connect(Message)
    key="id--1"
    message={
      Object {
        "authorType": "User",
        "id": "id--1",
        "text": "text--1",
        "timestamp": 1,
        "type": "Text",
      }
    }
    scrollToBottom={[Function]}
  />
  <Connect(PlatformEvent)
    event={
      Object {
        "id": "id--2",
        "timestamp": 2,
        "type": "SendTranscript",
      }
    }
    key="id--2"
  />
  <Connect(Message)
    key="id--3"
    message={
      Object {
        "authorType": "User",
        "id": "id--3",
        "text": "text--3",
        "timestamp": 3,
        "type": "Text",
      }
    }
    scrollToBottom={[Function]}
  />
  <Connect(PlatformEvent)
    event={
      Object {
        "id": "id--4",
        "timestamp": 4,
        "type": "SendTranscript",
      }
    }
    key="id--4"
  />
</div>
`;
