// Jest Snapshot v1, https://goo.gl/fbAQLP

exports[`ReduxExporter component rendering renders with default props 1`] = `
<div
  className="ReduxExporter"
>
  <i
    className="fa fa-download icon"
    onClick={[Function]}
    title="Export Redux State"
  />
</div>
`;
