// Jest Snapshot v1, https://goo.gl/fbAQLP

exports[`HeaderMenu component rendering renders 1`] = `undefined`;
